14:56:53 **** Incremental Build of configuration Debug for project Exercise_1 ****
make -j12 all 
Building file: ../src/main.c
Invoking: Standard S32DS C Compiler
arm-none-eabi-gcc "@src/clocks_and_modes.args" -MMD -MP -MF"src/main.d" -MT"src/main.o" -o "src/main.o" "../src/main.c"
Finished building: ../src/main.c
 
Building target: Exercise_1.elf
Invoking: Standard S32DS C Linker
arm-none-eabi-gcc -o "Exercise_1.elf" "@Exercise_1.args"   
Finished building target: Exercise_1.elf
 
Invoking: Standard S32DS Print Size
arm-none-eabi-size --format=berkeley Exercise_1.elf
   text	   data	    bss	    dec	    hex	filename
   3824	   1088	   3104	   8016	   1f50	Exercise_1.elf
Finished building: Exercise_1.siz
 

14:56:54 Build Finished (took 1s.78ms)

