09:23:07 **** Incremental Build of configuration Debug_RAM for project Exercise_1 ****
make -j12 all 
Building file: ../src/main.c
Invoking: Standard S32DS C Compiler
arm-none-eabi-gcc "@src/clocks_and_modes.args" -MMD -MP -MF"src/main.d" -MT"src/main.o" -o "src/main.o" "../src/main.c"
Finished building: ../src/main.c
 
Building target: Exercise_1.elf
Invoking: Standard S32DS C Linker
arm-none-eabi-gcc -o "Exercise_1.elf" "@Exercise_1.args"   
Finished building target: Exercise_1.elf
 
Invoking: Standard S32DS Print Size
arm-none-eabi-size --format=berkeley Exercise_1.elf
   text	   data	    bss	    dec	    hex	filename
   3812	   1088	   2084	   6984	   1b48	Exercise_1.elf
Finished building: Exercise_1.siz
 
09:23:28 **** Incremental Build of configuration Debug for project Exercise_1 ****
make -j12 all 
Building file: ../src/main.c
Invoking: Standard S32DS C Compiler
arm-none-eabi-gcc "@src/clocks_and_modes.args" -MMD -MP -MF"src/main.d" -MT"src/main.o" -o "src/main.o" "../src/main.c"
Finished building: ../src/main.c
 
Building target: Exercise_1.elf
Invoking: Standard S32DS C Linker
arm-none-eabi-gcc -o "Exercise_1.elf" "@Exercise_1.args"   
Finished building target: Exercise_1.elf
 
Invoking: Standard S32DS Print Size
arm-none-eabi-size --format=berkeley Exercise_1.elf
   text	   data	    bss	    dec	    hex	filename
   3856	   1088	   3104	   8048	   1f70	Exercise_1.elf
Finished building: Exercise_1.siz
 
